KaraGate 2016 pairs 8169
KaraGate 2017 pairs 7793
KaraGate 2018 pairs 8959
KaraGate 2019 pairs 6063
KaraGate 2020 pairs 6612
KaraGate 2021 pairs 6296
KaraGate 2022 pairs 2973
KaraGate 2023 pairs 2653
KaraGate 2024 pairs 2967
KaraGate 2025 pairs 4483
KaraGate 2026 pairs 3788
Vilkitsky 2016 pairs 6028
Vilkitsky 2017 pairs 8002
Vilkitsky 2018 pairs 5391
Vilkitsky 2019 pairs 2685
Vilkitsky 2020 pairs 3032
Vilkitsky 2021 pairs 4309
Vilkitsky 2022 pairs 1935
Vilkitsky 2023 pairs 1161
Vilkitsky 2024 pairs 1483
Vilkitsky 2025 pairs 3397
Vilkitsky 2026 pairs 3329
Sannikov_DmLaptev 2016 pairs 11785
Sannikov_DmLaptev 2017 pairs 29262
Sannikov_DmLaptev 2018 pairs 19974
Sannikov_DmLaptev 2019 pairs 18230
Sannikov_DmLaptev 2020 pairs 13983
Sannikov_DmLaptev 2021 pairs 13068
Sannikov_DmLaptev 2022 pairs 4819
Sannikov_DmLaptev 2023 pairs 4370
Sannikov_DmLaptev 2024 pairs 5474
Sannikov_DmLaptev 2025 pairs 10895
Sannikov_DmLaptev 2026 pairs 6343
LongStrait 2016 pairs 3018
LongStrait 2017 pairs 9042
LongStrait 2018 pairs 8590
LongStrait 2019 pairs 10904
LongStrait 2020 pairs 9478
LongStrait 2021 pairs 9531
LongStrait 2022 pairs 3167
LongStrait 2023 pairs 3267
LongStrait 2024 pairs 3099
LongStrait 2025 pairs 8575
LongStrait 2026 pairs 8239
BeringChukchi 2016 pairs 7336
BeringChukchi 2017 pairs 24115
BeringChukchi 2018 pairs 20912
BeringChukchi 2019 pairs 26139
BeringChukchi 2020 pairs 24253
BeringChukchi 2021 pairs 25275
BeringChukchi 2022 pairs 15271
BeringChukchi 2023 pairs 15616
BeringChukchi 2024 pairs 16360
BeringChukchi 2025 pairs 27151
BeringChukchi 2026 pairs 20335
Barents_Svalbard 2016 pairs 188141
Barents_Svalbard 2017 pairs 187553
Barents_Svalbard 2018 pairs 253218
Barents_Svalbard 2019 pairs 203767
Barents_Svalbard 2020 pairs 206468
Barents_Svalbard 2021 pairs 200696
Barents_Svalbard 2022 pairs 100518
Barents_Svalbard 2023 pairs 102541
Barents_Svalbard 2024 pairs 103185
Barents_Svalbard 2025 pairs 135242
Barents_Svalbard 2026 pairs 89222
GreenlandSea_Fram 2016 pairs 155181
GreenlandSea_Fram 2017 pairs 159507
GreenlandSea_Fram 2018 pairs 196961
GreenlandSea_Fram 2019 pairs 167111
GreenlandSea_Fram 2020 pairs 170348
GreenlandSea_Fram 2021 pairs 164422
GreenlandSea_Fram 2022 pairs 76005
GreenlandSea_Fram 2023 pairs 77050
GreenlandSea_Fram 2024 pairs 77046
GreenlandSea_Fram 2025 pairs 124227
GreenlandSea_Fram 2026 pairs 98538
BaffinBay 2016 pairs 199209
BaffinBay 2017 pairs 126265
BaffinBay 2018 pairs 116100
BaffinBay 2019 pairs 138082
BaffinBay 2020 pairs 138786
BaffinBay 2021 pairs 149100
BaffinBay 2022 pairs 66990
BaffinBay 2023 pairs 63119
BaffinBay 2024 pairs 70336
BaffinBay 2025 pairs 139409
BaffinBay 2026 pairs 134329
LancasterSound 2016 pairs 20105
LancasterSound 2017 pairs 38917
LancasterSound 2018 pairs 38928
LancasterSound 2019 pairs 39512
LancasterSound 2020 pairs 38867
LancasterSound 2021 pairs 38478
LancasterSound 2022 pairs 15320
LancasterSound 2023 pairs 15705
LancasterSound 2024 pairs 16069
LancasterSound 2025 pairs 30264
LancasterSound 2026 pairs 25314
VictoriaStrait 2016 pairs 12144
VictoriaStrait 2017 pairs 43631
VictoriaStrait 2018 pairs 44404
VictoriaStrait 2019 pairs 46241
VictoriaStrait 2020 pairs 45959
VictoriaStrait 2021 pairs 43546
VictoriaStrait 2022 pairs 14363
VictoriaStrait 2023 pairs 15623
VictoriaStrait 2024 pairs 15504
VictoriaStrait 2025 pairs 41322
VictoriaStrait 2026 pairs 41015
AKcorr_1 2016 pairs 1212
AKcorr_1 2017 pairs 4355
AKcorr_1 2018 pairs 4147
AKcorr_1 2019 pairs 4734
AKcorr_1 2020 pairs 4517
AKcorr_1 2021 pairs 4671
AKcorr_1 2022 pairs 3485
AKcorr_1 2023 pairs 3314
AKcorr_1 2024 pairs 3631
AKcorr_1 2025 pairs 5192
AKcorr_1 2026 pairs 3150
AKcorr_2 2016 pairs 1498
AKcorr_2 2017 pairs 5463
AKcorr_2 2018 pairs 4855
AKcorr_2 2019 pairs 5837
AKcorr_2 2020 pairs 5477
AKcorr_2 2021 pairs 5768
AKcorr_2 2022 pairs 3896
AKcorr_2 2023 pairs 3841
AKcorr_2 2024 pairs 4191
AKcorr_2 2025 pairs 6234
AKcorr_2 2026 pairs 4302
AKcorr_3 2016 pairs 1942
AKcorr_3 2017 pairs 7462
AKcorr_3 2018 pairs 5877
AKcorr_3 2019 pairs 7297
AKcorr_3 2020 pairs 7176
AKcorr_3 2021 pairs 7691
AKcorr_3 2022 pairs 4735
AKcorr_3 2023 pairs 5222
AKcorr_3 2024 pairs 4961
AKcorr_3 2025 pairs 8263
AKcorr_3 2026 pairs 6234
AKcorr_4 2016 pairs 2560
AKcorr_4 2017 pairs 8136
AKcorr_4 2018 pairs 5512
AKcorr_4 2019 pairs 7207
AKcorr_4 2020 pairs 7487
AKcorr_4 2021 pairs 8040
AKcorr_4 2022 pairs 4488
AKcorr_4 2023 pairs 5111
AKcorr_4 2024 pairs 4818
AKcorr_4 2025 pairs 8573
AKcorr_4 2026 pairs 6871
AKcorr_5 2016 pairs 2739
AKcorr_5 2017 pairs 7350
AKcorr_5 2018 pairs 4004
AKcorr_5 2019 pairs 5653
AKcorr_5 2020 pairs 6238
AKcorr_5 2021 pairs 6281
AKcorr_5 2022 pairs 3101
AKcorr_5 2023 pairs 3733
AKcorr_5 2024 pairs 3657
AKcorr_5 2025 pairs 6883
AKcorr_5 2026 pairs 6459
AKcorr_6 2016 pairs 2439
AKcorr_6 2017 pairs 6820
AKcorr_6 2018 pairs 3565
AKcorr_6 2019 pairs 5826
AKcorr_6 2020 pairs 6135
AKcorr_6 2021 pairs 5940
AKcorr_6 2022 pairs 2416
AKcorr_6 2023 pairs 2743
AKcorr_6 2024 pairs 2659
AKcorr_6 2025 pairs 5405
AKcorr_6 2026 pairs 5587
CELLACQ DONE
