[A1_observability_metric] 'observability metric probability hazard observed satellite revisit' -> 13 (total 13, err )
[A1_observability_metric] 'hazard timescale matched satellite revisit interval adequacy' -> 0 (total 0, err )
[A1_observability_metric] 'length-biased sampling gap distribution satellite observation probability detection' -> 14 (total 14, err )
[A1_observability_metric] 'probability of detecting transient event given satellite revisit gaps' -> 0 (total 0, err )
[A1_observability_metric] 'observing system requirement sea ice deformation revisit timescale' -> 3 (total 3, err )
[A1_observability_metric] 'SAR coverage adequacy metric Arctic shipping route' -> 13 (total 13, err )
[A2_s1b_gap] 'Sentinel-1B failure impact sea ice monitoring coverage' -> 16 (total 16, err )
[A2_s1b_gap] 'Sentinel-1B loss consequences data availability Arctic' -> 20 (total 118, err )
[A2_s1b_gap] 'Sentinel-1 constellation gap 2022 coverage reduction' -> 20 (total 61, err )
[A2_s1b_gap] 'impact of satellite failure on operational sea ice products' -> 2 (total 2, err )
[A2_s1b_gap] 'Sentinel-1C ramp up Arctic coverage recovery' -> 1 (total 1, err )
[A3_plan_allocation] 'Sentinel-1 acquisition plan allocation Arctic priority' -> 20 (total 40, err )
[A3_plan_allocation] 'mission planning acquisition segments Sentinel-1 observation scenario' -> 20 (total 50, err )
[A3_plan_allocation] 'SAR tasking allocation regional bias satellite acquisition plan' -> 2 (total 2, err )
[A3_plan_allocation] 'planned versus acquired SAR scenes archive analysis' -> 20 (total 88, err )
[B_cluster8_gaps] 'quantifying observation gaps propagation sea ice product uncertainty' -> 20 (total 41, err )
[B_cluster8_gaps] 'missing SAR imagery effect on ice chart availability' -> 0 (total 0, err )
[B_cluster8_gaps] 'data gap quantification satellite time series sea ice product' -> 20 (total 452, err )
[B_cluster8_gaps] 'observation gap effect operational sea ice drift product availability' -> 20 (total 20, err )
[B_cluster8_gaps] 'temporal sampling gaps error sea ice drift retrieval' -> 20 (total 53, err )
[B_cluster8_gaps] 'coverage gaps impact on sea ice deformation product' -> 12 (total 12, err )

unique titles per group:
A1_observability_metric 42
A2_s1b_gap 57
A3_plan_allocation 62
B_cluster8_gaps 91
