/d/yj_projects/miniforge3/lib/python3.13/site-packages/numpy/lib/_nanfunctions_impl.py:1215: RuntimeWarning: All-NaN slice encountered
  return fnb._ureduce(a, func=_nanmedian, keepdims=keepdims,
/d/yj_projects/miniforge3/lib/python3.13/site-packages/numpy/lib/_nanfunctions_impl.py:1215: RuntimeWarning: All-NaN slice encountered
  return fnb._ureduce(a, func=_nanmedian, keepdims=keepdims,
pair 0 Vilkitsky freeze-up 2020 dt 47.7h nodes 1024 succ 475 (0.46)
/d/yj_projects/miniforge3/lib/python3.13/site-packages/numpy/lib/_nanfunctions_impl.py:1215: RuntimeWarning: All-NaN slice encountered
  return fnb._ureduce(a, func=_nanmedian, keepdims=keepdims,
/d/yj_projects/miniforge3/lib/python3.13/site-packages/numpy/lib/_nanfunctions_impl.py:1215: RuntimeWarning: All-NaN slice encountered
  return fnb._ureduce(a, func=_nanmedian, keepdims=keepdims,
pair 1 Vilkitsky winter 2019 dt 23.8h nodes 1217 succ 797 (0.65)
/d/yj_projects/miniforge3/lib/python3.13/site-packages/numpy/lib/_nanfunctions_impl.py:1215: RuntimeWarning: All-NaN slice encountered
  return fnb._ureduce(a, func=_nanmedian, keepdims=keepdims,
/d/yj_projects/miniforge3/lib/python3.13/site-packages/numpy/lib/_nanfunctions_impl.py:1215: RuntimeWarning: All-NaN slice encountered
  return fnb._ureduce(a, func=_nanmedian, keepdims=keepdims,
pair 2 Sannikov_DmLaptev freeze-up 2020 dt 47.7h nodes 1209 succ 441 (0.36)
/d/yj_projects/miniforge3/lib/python3.13/site-packages/numpy/lib/_nanfunctions_impl.py:1215: RuntimeWarning: All-NaN slice encountered
  return fnb._ureduce(a, func=_nanmedian, keepdims=keepdims,
/d/yj_projects/miniforge3/lib/python3.13/site-packages/numpy/lib/_nanfunctions_impl.py:1215: RuntimeWarning: All-NaN slice encountered
  return fnb._ureduce(a, func=_nanmedian, keepdims=keepdims,
pair 3 Sannikov_DmLaptev winter 2019 dt 23.9h nodes 3065 succ 2593 (0.85)
/d/yj_projects/miniforge3/lib/python3.13/site-packages/numpy/lib/_nanfunctions_impl.py:1215: RuntimeWarning: All-NaN slice encountered
  return fnb._ureduce(a, func=_nanmedian, keepdims=keepdims,
/d/yj_projects/miniforge3/lib/python3.13/site-packages/numpy/lib/_nanfunctions_impl.py:1215: RuntimeWarning: All-NaN slice encountered
  return fnb._ureduce(a, func=_nanmedian, keepdims=keepdims,
pair 4 LongStrait freeze-up 2019 dt 47.7h nodes 2061 succ 850 (0.41)
/d/yj_projects/miniforge3/lib/python3.13/site-packages/numpy/lib/_nanfunctions_impl.py:1215: RuntimeWarning: All-NaN slice encountered
  return fnb._ureduce(a, func=_nanmedian, keepdims=keepdims,
/d/yj_projects/miniforge3/lib/python3.13/site-packages/numpy/lib/_nanfunctions_impl.py:1215: RuntimeWarning: All-NaN slice encountered
  return fnb._ureduce(a, func=_nanmedian, keepdims=keepdims,
pair 5 LongStrait winter 2019 dt 47.7h nodes 2088 succ 1002 (0.48)
/d/yj_projects/miniforge3/lib/python3.13/site-packages/numpy/lib/_nanfunctions_impl.py:1215: RuntimeWarning: All-NaN slice encountered
  return fnb._ureduce(a, func=_nanmedian, keepdims=keepdims,
/d/yj_projects/miniforge3/lib/python3.13/site-packages/numpy/lib/_nanfunctions_impl.py:1215: RuntimeWarning: All-NaN slice encountered
  return fnb._ureduce(a, func=_nanmedian, keepdims=keepdims,
pair 6 Vilkitsky freeze-up 2021 dt 47.7h nodes 1026 succ 395 (0.38)
/d/yj_projects/miniforge3/lib/python3.13/site-packages/numpy/lib/_nanfunctions_impl.py:1215: RuntimeWarning: All-NaN slice encountered
  return fnb._ureduce(a, func=_nanmedian, keepdims=keepdims,
/d/yj_projects/miniforge3/lib/python3.13/site-packages/numpy/lib/_nanfunctions_impl.py:1215: RuntimeWarning: All-NaN slice encountered
  return fnb._ureduce(a, func=_nanmedian, keepdims=keepdims,
pair 7 Vilkitsky winter 2019 dt 23.8h nodes 1217 succ 1007 (0.83)
/d/yj_projects/miniforge3/lib/python3.13/site-packages/numpy/lib/_nanfunctions_impl.py:1215: RuntimeWarning: All-NaN slice encountered
  return fnb._ureduce(a, func=_nanmedian, keepdims=keepdims,
/d/yj_projects/miniforge3/lib/python3.13/site-packages/numpy/lib/_nanfunctions_impl.py:1215: RuntimeWarning: All-NaN slice encountered
  return fnb._ureduce(a, func=_nanmedian, keepdims=keepdims,
pair 8 Sannikov_DmLaptev freeze-up 2020 dt 47.7h nodes 1233 succ 456 (0.37)
/d/yj_projects/miniforge3/lib/python3.13/site-packages/numpy/lib/_nanfunctions_impl.py:1215: RuntimeWarning: All-NaN slice encountered
  return fnb._ureduce(a, func=_nanmedian, keepdims=keepdims,
/d/yj_projects/miniforge3/lib/python3.13/site-packages/numpy/lib/_nanfunctions_impl.py:1215: RuntimeWarning: All-NaN slice encountered
  return fnb._ureduce(a, func=_nanmedian, keepdims=keepdims,
pair 9 Sannikov_DmLaptev winter 2019 dt 23.9h nodes 3064 succ 2659 (0.87)
/d/yj_projects/miniforge3/lib/python3.13/site-packages/numpy/lib/_nanfunctions_impl.py:1215: RuntimeWarning: All-NaN slice encountered
  return fnb._ureduce(a, func=_nanmedian, keepdims=keepdims,
/d/yj_projects/miniforge3/lib/python3.13/site-packages/numpy/lib/_nanfunctions_impl.py:1215: RuntimeWarning: All-NaN slice encountered
  return fnb._ureduce(a, func=_nanmedian, keepdims=keepdims,
pair 10 LongStrait freeze-up 2019 dt 47.7h nodes 2072 succ 850 (0.41)
/d/yj_projects/miniforge3/lib/python3.13/site-packages/numpy/lib/_nanfunctions_impl.py:1215: RuntimeWarning: All-NaN slice encountered
  return fnb._ureduce(a, func=_nanmedian, keepdims=keepdims,
/d/yj_projects/miniforge3/lib/python3.13/site-packages/numpy/lib/_nanfunctions_impl.py:1215: RuntimeWarning: All-NaN slice encountered
  return fnb._ureduce(a, func=_nanmedian, keepdims=keepdims,
pair 11 LongStrait winter 2019 dt 47.7h nodes 2088 succ 997 (0.48)
/d/yj_projects/miniforge3/lib/python3.13/site-packages/numpy/lib/_nanfunctions_impl.py:1215: RuntimeWarning: All-NaN slice encountered
  return fnb._ureduce(a, func=_nanmedian, keepdims=keepdims,
/d/yj_projects/miniforge3/lib/python3.13/site-packages/numpy/lib/_nanfunctions_impl.py:1215: RuntimeWarning: All-NaN slice encountered
  return fnb._ureduce(a, func=_nanmedian, keepdims=keepdims,
pair 12 Vilkitsky freeze-up 2020 dt 47.7h nodes 1020 succ 397 (0.39)
/d/yj_projects/miniforge3/lib/python3.13/site-packages/numpy/lib/_nanfunctions_impl.py:1215: RuntimeWarning: All-NaN slice encountered
  return fnb._ureduce(a, func=_nanmedian, keepdims=keepdims,
/d/yj_projects/miniforge3/lib/python3.13/site-packages/numpy/lib/_nanfunctions_impl.py:1215: RuntimeWarning: All-NaN slice encountered
  return fnb._ureduce(a, func=_nanmedian, keepdims=keepdims,
pair 13 Vilkitsky winter 2021 dt 47.7h nodes 1025 succ 468 (0.46)
/d/yj_projects/miniforge3/lib/python3.13/site-packages/numpy/lib/_nanfunctions_impl.py:1215: RuntimeWarning: All-NaN slice encountered
  return fnb._ureduce(a, func=_nanmedian, keepdims=keepdims,
/d/yj_projects/miniforge3/lib/python3.13/site-packages/numpy/lib/_nanfunctions_impl.py:1215: RuntimeWarning: All-NaN slice encountered
  return fnb._ureduce(a, func=_nanmedian, keepdims=keepdims,
pair 14 Sannikov_DmLaptev freeze-up 2021 dt 47.7h nodes 1166 succ 489 (0.42)
/d/yj_projects/miniforge3/lib/python3.13/site-packages/numpy/lib/_nanfunctions_impl.py:1215: RuntimeWarning: All-NaN slice encountered
  return fnb._ureduce(a, func=_nanmedian, keepdims=keepdims,
/d/yj_projects/miniforge3/lib/python3.13/site-packages/numpy/lib/_nanfunctions_impl.py:1215: RuntimeWarning: All-NaN slice encountered
  return fnb._ureduce(a, func=_nanmedian, keepdims=keepdims,
pair 15 Sannikov_DmLaptev winter 2021 dt 47.7h nodes 1231 succ 766 (0.62)
/d/yj_projects/miniforge3/lib/python3.13/site-packages/numpy/lib/_nanfunctions_impl.py:1215: RuntimeWarning: All-NaN slice encountered
  return fnb._ureduce(a, func=_nanmedian, keepdims=keepdims,
/d/yj_projects/miniforge3/lib/python3.13/site-packages/numpy/lib/_nanfunctions_impl.py:1215: RuntimeWarning: All-NaN slice encountered
  return fnb._ureduce(a, func=_nanmedian, keepdims=keepdims,
pair 16 LongStrait freeze-up 2020 dt 47.7h nodes 1913 succ 834 (0.44)
/d/yj_projects/miniforge3/lib/python3.13/site-packages/numpy/lib/_nanfunctions_impl.py:1215: RuntimeWarning: All-NaN slice encountered
  return fnb._ureduce(a, func=_nanmedian, keepdims=keepdims,
/d/yj_projects/miniforge3/lib/python3.13/site-packages/numpy/lib/_nanfunctions_impl.py:1215: RuntimeWarning: All-NaN slice encountered
  return fnb._ureduce(a, func=_nanmedian, keepdims=keepdims,
pair 17 LongStrait winter 2020 dt 47.7h nodes 2088 succ 1032 (0.49)
/d/yj_projects/miniforge3/lib/python3.13/site-packages/numpy/lib/_nanfunctions_impl.py:1215: RuntimeWarning: All-NaN slice encountered
  return fnb._ureduce(a, func=_nanmedian, keepdims=keepdims,
/d/yj_projects/miniforge3/lib/python3.13/site-packages/numpy/lib/_nanfunctions_impl.py:1215: RuntimeWarning: All-NaN slice encountered
  return fnb._ureduce(a, func=_nanmedian, keepdims=keepdims,
pair 18 Vilkitsky freeze-up 2021 dt 47.7h nodes 1202 succ 323 (0.27)
/d/yj_projects/miniforge3/lib/python3.13/site-packages/numpy/lib/_nanfunctions_impl.py:1215: RuntimeWarning: All-NaN slice encountered
  return fnb._ureduce(a, func=_nanmedian, keepdims=keepdims,
/d/yj_projects/miniforge3/lib/python3.13/site-packages/numpy/lib/_nanfunctions_impl.py:1215: RuntimeWarning: All-NaN slice encountered
  return fnb._ureduce(a, func=_nanmedian, keepdims=keepdims,
pair 19 Vilkitsky winter 2021 dt 47.7h nodes 1033 succ 572 (0.55)
PAIRS 20 EVENTS 19
