P1b 1-h episode durations (median h):
  ge1   {'winter': 2.0, 'melt': 4.0, 'freeze-up': 5.0} {'winter': 3000, 'melt': 3000, 'freeze-up': 3000}
  1to3  {'winter': 2.0, 'melt': 4.0, 'freeze-up': 4.0} {'winter': 3000, 'melt': 3000, 'freeze-up': 3000}
  ge3   {'winter': 12.0, 'melt': 8.0, 'freeze-up': 9.0} {'winter': 1654, 'melt': 3000, 'freeze-up': 1727}
  ge5   {'winter': 14.0, 'melt': 11.0, 'freeze-up': 15.0} {'winter': 859, 'melt': 3000, 'freeze-up': 865}
Vilkitsky done
Sannikov_DmLaptev done
LongStrait done
KaraGate done
BeringChukchi done

chokepoint H_episode by magnitude class:
        H_ge1  H_1to3  H_ge3  H_ge5
per                                
during  0.042   0.029  0.093  0.121
post    0.073   0.051  0.161  0.208
pre     0.081   0.057  0.181  0.233

by season (during 2022-24):
           H_ge1  H_1to3  H_ge3  H_ge5
season                                
freeze-up  0.049   0.035  0.097  0.130
melt       0.038   0.026  0.074  0.106
winter     0.038   0.026  0.107  0.128
