Sentinel-1A-Acquisition-Segment-2023.zip placemarks kept 43313 rows 8864
Sentinel-1A-Acquisition-Segments-2019.zip placemarks kept 43162 rows 18842
Sentinel-1A-Acquisition-Segments-2020.zip placemarks kept 40982 rows 27405
Sentinel-1A-Acquisition-Segments-2021.zip placemarks kept 31384 rows 34216
Sentinel-1A-Acquisition-Segments-2022.zip placemarks kept 38992 rows 42060
Sentinel-1A-Acquisition-Segments-2024.zip placemarks kept 45559 rows 51819
Sentinel-1A-Acquisition-Segments-2025.zip placemarks kept 49904 rows 62765
Sentinel-1B-Acquisition-Segments-2019.zip placemarks kept 65786 rows 72132
Sentinel-1B-Acquisition-Segments-2020.zip placemarks kept 46533 rows 78868
Sentinel-1B-Acquisition-Segments-2021.zip placemarks kept 39514 rows 84775
Sentinel-1C-Acquisition-Segments-2025.zip placemarks kept 36649 rows 90730
total planned region-hits 90730
year  mode
2019  EW      15272
      IW       3690
2020  EW      12088
      IW       3250
2021  EW      10001
      IW       2748
2022  EW       5674
      IW       2333
2023  EW       6076
      IW       2745
2024  EW       6752
      IW       2970
2025  EW      11991
      IW       4760
2026  EW        269
      IW        111
