KaraGate 2016 n=528 2s
KaraGate 2017 n=546 1s
KaraGate 2018 n=704 1s
KaraGate 2019 n=482 2s
KaraGate 2021 n=471 2s
KaraGate 2022 n=238 2s
KaraGate 2023 n=220 2s
KaraGate 2024 n=241 1s
KaraGate 2025 n=346 1s
KaraGate 2026 n=283 2s
Vilkitsky 2016 n=464 2s
Vilkitsky 2017 n=604 2s
Vilkitsky 2018 n=406 2s
Vilkitsky 2019 n=220 1s
Vilkitsky 2021 n=313 2s
Vilkitsky 2022 n=133 0s
Vilkitsky 2023 n=76 1s
Vilkitsky 2024 n=98 1s
Vilkitsky 2025 n=240 1s
Vilkitsky 2026 n=234 1s
Sannikov_DmLaptev 2016 n=360 1s
Sannikov_DmLaptev 2017 n=880 2s
Sannikov_DmLaptev 2018 n=673 1s
Sannikov_DmLaptev 2019 n=618 2s
Sannikov_DmLaptev 2020 n=501 2s
Sannikov_DmLaptev 2021 n=512 2s
Sannikov_DmLaptev 2022 n=172 1s
Sannikov_DmLaptev 2023 n=149 1s
Sannikov_DmLaptev 2024 n=222 1s
Sannikov_DmLaptev 2025 n=398 2s
Sannikov_DmLaptev 2026 n=220 1s
LongStrait 2016 n=160 2s
LongStrait 2017 n=527 1s
LongStrait 2018 n=541 2s
LongStrait 2019 n=633 1s
LongStrait 2020 n=602 1s
LongStrait 2021 n=584 1s
LongStrait 2022 n=145 1s
LongStrait 2023 n=152 1s
LongStrait 2024 n=145 1s
LongStrait 2025 n=427 2s
LongStrait 2026 n=403 2s
BeringChukchi 2016 n=213 1s
BeringChukchi 2017 n=760 1s
BeringChukchi 2018 n=690 1s
BeringChukchi 2019 n=814 2s
BeringChukchi 2020 n=765 1s
BeringChukchi 2021 n=796 1s
BeringChukchi 2022 n=470 2s
BeringChukchi 2023 n=481 1s
BeringChukchi 2024 n=468 1s
BeringChukchi 2025 n=843 1s
BeringChukchi 2026 n=583 1s
Barents_Svalbard 2016 n=3030 5s
Barents_Svalbard 2017 n=3538 6s
Barents_Svalbard 2018 n=4560 9s
Barents_Svalbard 2019 n=3630 6s
Barents_Svalbard 2020 n=3659 6s
Barents_Svalbard 2021 n=3526 4s
Barents_Svalbard 2022 n=1858 2s
Barents_Svalbard 2023 n=1883 4s
Barents_Svalbard 2024 n=1888 4s
Barents_Svalbard 2025 n=2775 6s
Barents_Svalbard 2026 n=2094 4s
GreenlandSea_Fram 2016 n=2240 8s
GreenlandSea_Fram 2017 n=2420 11s
GreenlandSea_Fram 2018 n=3236 32s
GreenlandSea_Fram 2019 n=2603 12s
GreenlandSea_Fram 2020 n=2629 10s
GreenlandSea_Fram 2021 n=2502 11s
GreenlandSea_Fram 2022 n=1104 1s
GreenlandSea_Fram 2023 n=1115 3s
GreenlandSea_Fram 2024 n=1117 3s
GreenlandSea_Fram 2025 n=1890 4s
GreenlandSea_Fram 2026 n=1650 5s
BaffinBay 2016 n=2756 4s
BaffinBay 2017 n=1841 3s
BaffinBay 2018 n=1809 3s
BaffinBay 2019 n=2129 4s
BaffinBay 2020 n=2182 3s
BaffinBay 2021 n=2242 3s
BaffinBay 2022 n=904 2s
BaffinBay 2023 n=835 1s
BaffinBay 2024 n=970 2s
BaffinBay 2025 n=2050 4s
BaffinBay 2026 n=1961 2s
LancasterSound 2016 n=675 1s
LancasterSound 2017 n=1351 2s
LancasterSound 2018 n=1370 1s
LancasterSound 2019 n=1378 2s
LancasterSound 2020 n=1376 1s
LancasterSound 2021 n=1344 1s
LancasterSound 2022 n=531 2s
LancasterSound 2023 n=545 1s
LancasterSound 2024 n=553 1s
LancasterSound 2025 n=1003 1s
LancasterSound 2026 n=841 1s
VictoriaStrait 2016 n=306 1s
VictoriaStrait 2017 n=842 2s
VictoriaStrait 2018 n=870 2s
VictoriaStrait 2019 n=913 1s
VictoriaStrait 2020 n=877 2s
VictoriaStrait 2021 n=832 1s
VictoriaStrait 2022 n=319 1s
VictoriaStrait 2023 n=344 1s
VictoriaStrait 2024 n=346 1s
VictoriaStrait 2025 n=847 1s
VictoriaStrait 2026 n=828 2s
AKcorr_1 2016 n=109 1s
AKcorr_1 2017 n=389 1s
AKcorr_1 2018 n=378 1s
AKcorr_1 2019 n=443 1s
AKcorr_1 2020 n=425 1s
AKcorr_1 2021 n=454 2s
AKcorr_1 2022 n=323 1s
AKcorr_1 2023 n=314 1s
AKcorr_1 2024 n=324 1s
AKcorr_1 2025 n=467 1s
AKcorr_1 2026 n=263 1s
AKcorr_2 2016 n=102 1s
AKcorr_2 2017 n=375 1s
AKcorr_2 2018 n=305 1s
AKcorr_2 2019 n=388 1s
AKcorr_2 2020 n=379 1s
AKcorr_2 2021 n=417 1s
AKcorr_2 2022 n=234 1s
AKcorr_2 2023 n=243 1s
AKcorr_2 2024 n=245 3s
AKcorr_2 2025 n=402 1s
AKcorr_2 2026 n=291 2s
AKcorr_3 2016 n=91 1s
AKcorr_3 2017 n=355 1s
AKcorr_3 2018 n=272 1s
AKcorr_3 2019 n=325 1s
AKcorr_3 2020 n=321 1s
AKcorr_3 2021 n=343 1s
AKcorr_3 2022 n=206 1s
AKcorr_3 2023 n=221 1s
AKcorr_3 2024 n=203 1s
AKcorr_3 2025 n=358 2s
AKcorr_3 2026 n=277 1s
AKcorr_4 2016 n=124 1s
AKcorr_4 2017 n=387 1s
AKcorr_4 2018 n=246 1s
AKcorr_4 2019 n=325 2s
AKcorr_4 2020 n=364 1s
AKcorr_4 2021 n=400 1s
AKcorr_4 2022 n=212 1s
AKcorr_4 2023 n=246 1s
AKcorr_4 2024 n=237 1s
AKcorr_4 2025 n=435 1s
AKcorr_4 2026 n=378 1s
AKcorr_5 2016 n=122 0s
AKcorr_5 2017 n=497 1s
AKcorr_5 2018 n=350 1s
AKcorr_5 2019 n=468 1s
AKcorr_5 2020 n=466 1s
AKcorr_5 2021 n=482 1s
AKcorr_5 2022 n=285 1s
AKcorr_5 2023 n=306 1s
AKcorr_5 2024 n=300 1s
AKcorr_5 2025 n=471 1s
AKcorr_5 2026 n=374 1s
AKcorr_6 2016 n=91 1s
AKcorr_6 2017 n=372 1s
AKcorr_6 2018 n=202 1s
AKcorr_6 2019 n=306 1s
AKcorr_6 2020 n=327 1s
AKcorr_6 2021 n=338 1s
AKcorr_6 2022 n=112 1s
AKcorr_6 2023 n=118 1s
AKcorr_6 2024 n=118 0s
AKcorr_6 2025 n=268 1s
AKcorr_6 2026 n=288 2s
FETCH DONE
